{"error":"The server does not support SSL connections","hint":"Vérifier DATABASE_URL dans les variables d'environnement Render","level":"error","message":"PostgreSQL non disponible au démarrage","timestamp":"2026-09-01T00:07:22.357Z"}
{"error":"The server does not support SSL connections","level":"error","message":"PG — erreur requête","query":"ALTER TABLE reservations ADD COLUMN IF NOT EXISTS walk_in_name  VARCHAR(255)","timestamp":"2026-09-01T00:07:22.362Z"}
{"error":"The server does not support SSL connections","level":"error","message":"PG — erreur requête","query":"ALTER TABLE reservations ADD COLUMN IF NOT EXISTS walk_in_phone VARCHAR(30)","timestamp":"2026-09-01T00:07:22.367Z"}
{"error":"The server does not support SSL connections","level":"error","message":"PG — erreur requête","query":"ALTER TABLE reservations ADD COLUMN IF NOT EXISTS walk_in_email VARCHAR(255)","timestamp":"2026-09-01T00:07:22.371Z"}
{"error":"The server does not support SSL connections","level":"error","message":"PG — erreur requête","query":"ALTER TABLE reservations ADD COLUMN IF NOT EXISTS is_noshow     BOOLEAN DEFAULT FALSE","timestamp":"2026-09-01T00:07:22.377Z"}
{"error":"The server does not support SSL connections","level":"error","message":"PG — erreur requête","query":"ALTER TABLE reservations ADD COLUMN IF NOT EXISTS notes         TEXT","timestamp":"2026-09-01T00:07:22.382Z"}
{"error":"The server does not support SSL connections","level":"error","message":"PG — erreur requête","query":"ALTER TABLE menu_items ALTER COLUMN image_url TYPE TEXT","timestamp":"2026-09-01T00:07:22.386Z"}
{"error":"The server does not support SSL connections","level":"error","message":"PG — erreur requête","query":"ALTER TABLE restaurants ADD COLUMN IF NOT EXISTS logo_url TEXT","timestamp":"2026-09-01T00:07:22.389Z"}
{"error":"The server does not support SSL connections","level":"error","message":"PG — erreur requête","query":"ALTER TABLE restaurants ALTER COLUMN qr_code_url TYPE TEXT","timestamp":"2026-09-01T00:07:22.394Z"}
{"error":"The server does not support SSL connections","level":"error","message":"PG — erreur requête","query":"ALTER TABLE users ALTER COLUMN avatar_url TYPE TEXT","timestamp":"2026-09-01T00:07:22.398Z"}
{"error":"The server does not support SSL connections","level":"error","message":"PG — erreur requête","query":"ALTER TABLE restaurant_tables ADD COLUMN IF NOT EXISTS pos_x   INTEGER DEFAULT 20","timestamp":"2026-09-01T00:07:22.401Z"}
{"error":"The server does not support SSL connections","level":"error","message":"PG — erreur requête","query":"ALTER TABLE restaurant_tables ADD COLUMN IF NOT EXISTS pos_y   INTEGER DEFAULT 20","timestamp":"2026-09-01T00:07:22.405Z"}
{"error":"The server does not support SSL connections","level":"error","message":"PG — erreur requête","query":"ALTER TABLE restaurant_tables ADD COLUMN IF NOT EXISTS qr_url  TEXT","timestamp":"2026-09-01T00:07:22.408Z"}
{"error":"The server does not support SSL connections","level":"error","message":"PG — erreur requête","query":"ALTER TABLE restaurant_tables ADD COLUMN IF NOT EXISTS updated_at TIMESTAMPTZ DEFAULT NOW()","timestamp":"2026-09-01T00:07:22.412Z"}
{"error":"The server does not support SSL connections","level":"error","message":"PG — erreur requête","query":"ALTER TABLE menu_items ADD COLUMN IF NOT EXISTS options JSONB","timestamp":"2026-09-01T00:07:22.416Z"}
{"error":"The server does not support SSL connections","level":"error","message":"PG — erreur requête","query":"ALTER TABLE restaurants ADD COLUMN IF NOT EXISTS options JSONB DEFAULT '[]'","timestamp":"2026-09-01T00:07:22.419Z"}
{"error":"The server does not support SSL connections","level":"error","message":"PG — erreur requête","query":"ALTER TABLE restaurants ADD COLUMN IF NOT EXISTS auto_confirm BOOLEAN DEFAULT TRUE","timestamp":"2026-09-01T00:07:22.423Z"}
{"error":"The server does not support SSL connections","level":"error","message":"PG — erreur requête","query":"ALTER TABLE restaurants ADD COLUMN IF NOT EXISTS seating_duration INTEGER DEFAULT 120","timestamp":"2026-09-01T00:07:22.427Z"}
{"error":"The server does not support SSL connections","level":"error","message":"PG — erreur requête","query":"CREATE TABLE IF NOT EXISTS platform_settings (\n       key        VARCHAR(100) PRIMARY KEY,\n       value      TEXT NOT NU","timestamp":"2026-09-01T00:07:22.432Z"}
{"error":"The server does not support SSL connections","level":"error","message":"PG — erreur requête","query":"ALTER TABLE restaurants ADD COLUMN IF NOT EXISTS photos JSONB DEFAULT '[]'","timestamp":"2026-09-01T00:07:22.437Z"}
{"error":"The server does not support SSL connections","level":"error","message":"PG — erreur requête","query":"ALTER TABLE restaurants ADD COLUMN IF NOT EXISTS menu_public BOOLEAN DEFAULT FALSE","timestamp":"2026-09-01T00:07:22.441Z"}
{"error":"The server does not support SSL connections","level":"error","message":"PG — erreur requête","query":"ALTER TABLE restaurants ADD COLUMN IF NOT EXISTS is_published BOOLEAN DEFAULT TRUE","timestamp":"2026-09-01T00:07:22.447Z"}
{"error":"The server does not support SSL connections","level":"error","message":"PG — erreur requête","query":"ALTER TABLE users ADD COLUMN IF NOT EXISTS email_verified     BOOLEAN DEFAULT TRUE","timestamp":"2026-09-01T00:07:22.453Z"}
{"error":"The server does not support SSL connections","level":"error","message":"PG — erreur requête","query":"ALTER TABLE users ADD COLUMN IF NOT EXISTS email_token        VARCHAR(64)","timestamp":"2026-09-01T00:07:22.459Z"}
{"error":"The server does not support SSL connections","level":"error","message":"PG — erreur requête","query":"ALTER TABLE users ADD COLUMN IF NOT EXISTS email_token_expires TIMESTAMPTZ","timestamp":"2026-09-01T00:07:22.465Z"}
{"error":"The server does not support SSL connections","level":"error","message":"PG — erreur requête","query":"ALTER TABLE users ADD COLUMN IF NOT EXISTS password_reset_token   VARCHAR(64)","timestamp":"2026-09-01T00:07:22.469Z"}
{"error":"The server does not support SSL connections","level":"error","message":"PG — erreur requête","query":"ALTER TABLE users ADD COLUMN IF NOT EXISTS password_reset_expires TIMESTAMPTZ","timestamp":"2026-09-01T00:07:22.472Z"}
{"error":"The server does not support SSL connections","level":"error","message":"PG — erreur requête","query":"ALTER TABLE users ADD COLUMN IF NOT EXISTS sessions_valid_from TIMESTAMPTZ","timestamp":"2026-09-01T00:07:22.474Z"}
{"error":"The server does not support SSL connections","level":"error","message":"PG — erreur requête","query":"ALTER TABLE users ADD COLUMN IF NOT EXISTS phone_verified BOOLEAN DEFAULT FALSE","timestamp":"2026-09-01T00:07:22.476Z"}
{"error":"The server does not support SSL connections","level":"error","message":"PG — erreur requête","query":"UPDATE users SET email_verified = TRUE\n       WHERE email_verified = FALSE AND created_at < TIMESTAMPTZ '2026-07-15 17:5","timestamp":"2026-09-01T00:07:22.478Z"}
{"error":"The server does not support SSL connections","level":"error","message":"PG — erreur requête","query":"CREATE TABLE IF NOT EXISTS reviews (\n       id              UUID PRIMARY KEY DEFAULT uuid_generate_v4(),\n       restaura","timestamp":"2026-09-01T00:07:22.480Z"}
{"error":"The server does not support SSL connections","level":"error","message":"PG — erreur requête","query":"CREATE TABLE IF NOT EXISTS restaurant_contacts (\n       id            UUID PRIMARY KEY DEFAULT uuid_generate_v4(),\n     ","timestamp":"2026-09-01T00:07:22.482Z"}
{"error":"The server does not support SSL connections","level":"error","message":"PG — erreur requête","query":"CREATE UNIQUE INDEX IF NOT EXISTS uidx_contacts_resto_phone\n       ON restaurant_contacts(restaurant_id, phone_norm) WHE","timestamp":"2026-09-01T00:07:22.485Z"}
{"error":"The server does not support SSL connections","level":"error","message":"PG — erreur requête","query":"CREATE INDEX IF NOT EXISTS idx_contacts_resto ON restaurant_contacts(restaurant_id)","timestamp":"2026-09-01T00:07:22.487Z"}
{"error":"The server does not support SSL connections","level":"error","message":"PG — erreur requête","query":"CREATE INDEX IF NOT EXISTS idx_reviews_restaurant ON reviews(restaurant_id)","timestamp":"2026-09-01T00:07:22.489Z"}
{"error":"The server does not support SSL connections","level":"error","message":"PG — erreur requête","query":"CREATE INDEX IF NOT EXISTS idx_reviews_client     ON reviews(client_id)","timestamp":"2026-09-01T00:07:22.490Z"}
{"error":"The server does not support SSL connections","level":"error","message":"PG — erreur requête","query":"CREATE TABLE IF NOT EXISTS messages (\n       id             UUID PRIMARY KEY DEFAULT uuid_generate_v4(),\n       reservat","timestamp":"2026-09-01T00:07:22.492Z"}
{"error":"The server does not support SSL connections","level":"error","message":"PG — erreur requête","query":"CREATE INDEX IF NOT EXISTS idx_messages_reservation ON messages(reservation_id)","timestamp":"2026-09-01T00:07:22.495Z"}
{"error":"The server does not support SSL connections","level":"error","message":"PG — erreur requête","query":"CREATE INDEX IF NOT EXISTS idx_messages_sender      ON messages(sender_id, is_read)","timestamp":"2026-09-01T00:07:22.498Z"}
{"error":"The server does not support SSL connections","level":"error","message":"PG — erreur requête","query":"CREATE TABLE IF NOT EXISTS user_notifications (\n       id         UUID PRIMARY KEY DEFAULT uuid_generate_v4(),\n       us","timestamp":"2026-09-01T00:07:22.501Z"}
{"error":"The server does not support SSL connections","level":"error","message":"PG — erreur requête","query":"CREATE INDEX IF NOT EXISTS idx_user_notif_user ON user_notifications(user_id, is_read, created_at DESC)","timestamp":"2026-09-01T00:07:22.503Z"}
{"error":"The server does not support SSL connections","level":"error","message":"PG — erreur requête","query":"CREATE TABLE IF NOT EXISTS waitlist (\n       id            UUID PRIMARY KEY DEFAULT uuid_generate_v4(),\n       restauran","timestamp":"2026-09-01T00:07:22.506Z"}
{"error":"The server does not support SSL connections","level":"error","message":"PG — erreur requête","query":"CREATE INDEX IF NOT EXISTS idx_waitlist_resto ON waitlist(restaurant_id, status)","timestamp":"2026-09-01T00:07:22.508Z"}
{"error":"The server does not support SSL connections","level":"error","message":"PG — erreur requête","query":"CREATE TABLE IF NOT EXISTS favorites (\n       id            UUID PRIMARY KEY DEFAULT uuid_generate_v4(),\n       user_id ","timestamp":"2026-09-01T00:07:22.510Z"}
{"error":"The server does not support SSL connections","level":"error","message":"PG — erreur requête","query":"CREATE INDEX IF NOT EXISTS idx_favorites_user ON favorites(user_id)","timestamp":"2026-09-01T00:07:22.512Z"}
{"error":"The server does not support SSL connections","level":"error","message":"PG — erreur requête","query":"CREATE TABLE IF NOT EXISTS device_tokens (\n       id         UUID PRIMARY KEY DEFAULT uuid_generate_v4(),\n       user_id","timestamp":"2026-09-01T00:07:22.514Z"}
{"error":"The server does not support SSL connections","level":"error","message":"PG — erreur requête","query":"CREATE INDEX IF NOT EXISTS idx_device_tokens_user ON device_tokens(user_id)","timestamp":"2026-09-01T00:07:22.516Z"}
{"error":"The server does not support SSL connections","level":"error","message":"PG — erreur requête","query":"\n      CREATE TABLE IF NOT EXISTS prospects (\n        id            UUID PRIMARY KEY DEFAULT uuid_generate_v4(),\n       ","timestamp":"2026-09-01T00:07:22.518Z"}
{"error":"The server does not support SSL connections","level":"error","message":"PG — erreur requête","query":"\n      CREATE TABLE IF NOT EXISTS restaurateur_codes (\n        id          UUID PRIMARY KEY DEFAULT uuid_generate_v4(),\n","timestamp":"2026-09-01T00:07:22.520Z"}
{"error":"The server does not support SSL connections","level":"error","message":"PG — erreur requête","query":"ALTER TABLE restaurants ADD COLUMN IF NOT EXISTS stories_enabled BOOLEAN DEFAULT TRUE","timestamp":"2026-09-01T00:07:22.522Z"}
{"error":"The server does not support SSL connections","level":"error","message":"Migration Instants ÉCHOUÉE","timestamp":"2026-09-01T00:07:22.522Z"}
{"error":"The server does not support SSL connections","level":"error","message":"PG — erreur requête","query":"ALTER TYPE user_role ADD VALUE IF NOT EXISTS 'organisateur'","timestamp":"2026-09-01T00:07:22.524Z"}
{"error":"The server does not support SSL connections","level":"error","message":"PG — erreur requête","query":"CREATE TABLE IF NOT EXISTS organisateur_codes (\n       id          UUID PRIMARY KEY DEFAULT uuid_generate_v4(),\n       c","timestamp":"2026-09-01T00:07:22.526Z"}
{"error":"The server does not support SSL connections","level":"error","message":"PG — erreur requête","query":"CREATE TABLE IF NOT EXISTS events (\n       id           UUID PRIMARY KEY DEFAULT uuid_generate_v4(),\n       owner_id    ","timestamp":"2026-09-01T00:07:22.527Z"}
{"error":"The server does not support SSL connections","level":"error","message":"PG — erreur requête","query":"CREATE TABLE IF NOT EXISTS event_tables (\n       id          UUID PRIMARY KEY DEFAULT uuid_generate_v4(),\n       event_i","timestamp":"2026-09-01T00:07:22.529Z"}
{"error":"The server does not support SSL connections","level":"error","message":"PG — erreur requête","query":"CREATE SEQUENCE IF NOT EXISTS event_resa_ref_seq START 1000","timestamp":"2026-09-01T00:07:22.532Z"}
{"error":"The server does not support SSL connections","level":"error","message":"PG — erreur requête","query":"CREATE TABLE IF NOT EXISTS event_reservations (\n       id              UUID PRIMARY KEY DEFAULT uuid_generate_v4(),\n    ","timestamp":"2026-09-01T00:07:22.535Z"}
{"error":"The server does not support SSL connections","level":"error","message":"PG — erreur requête","query":"CREATE INDEX IF NOT EXISTS idx_events_owner   ON events(owner_id)","timestamp":"2026-09-01T00:07:22.538Z"}
{"error":"The server does not support SSL connections","level":"error","message":"PG — erreur requête","query":"CREATE INDEX IF NOT EXISTS idx_events_public  ON events(status, is_public, starts_at)","timestamp":"2026-09-01T00:07:22.541Z"}
{"error":"The server does not support SSL connections","level":"error","message":"PG — erreur requête","query":"CREATE INDEX IF NOT EXISTS idx_evt_tables_evt ON event_tables(event_id)","timestamp":"2026-09-01T00:07:22.544Z"}
{"error":"The server does not support SSL connections","level":"error","message":"PG — erreur requête","query":"CREATE INDEX IF NOT EXISTS idx_evt_resa_evt   ON event_reservations(event_id)","timestamp":"2026-09-01T00:07:22.547Z"}
{"error":"The server does not support SSL connections","level":"error","message":"PG — erreur requête","query":"CREATE INDEX IF NOT EXISTS idx_evt_resa_client ON event_reservations(client_id)","timestamp":"2026-09-01T00:07:22.549Z"}
{"error":"The server does not support SSL connections","level":"error","message":"PG — erreur requête","query":"ALTER TABLE events ADD COLUMN IF NOT EXISTS bottles_enabled BOOLEAN DEFAULT FALSE","timestamp":"2026-09-01T00:07:22.553Z"}
{"error":"The server does not support SSL connections","level":"error","message":"PG — erreur requête","query":"ALTER TABLE events ADD COLUMN IF NOT EXISTS ordering_mode   VARCHAR(10) DEFAULT 'per_order'","timestamp":"2026-09-01T00:07:22.556Z"}
{"error":"The server does not support SSL connections","level":"error","message":"PG — erreur requête","query":"ALTER TABLE events ADD COLUMN IF NOT EXISTS capacity INTEGER","timestamp":"2026-09-01T00:07:22.559Z"}
{"error":"The server does not support SSL connections","level":"error","message":"PG — erreur requête","query":"ALTER TABLE events ADD COLUMN IF NOT EXISTS entry_price INTEGER DEFAULT 0","timestamp":"2026-09-01T00:07:22.562Z"}
{"error":"The server does not support SSL connections","level":"error","message":"PG — erreur requête","query":"ALTER TABLE events ADD COLUMN IF NOT EXISTS photos JSONB DEFAULT '[]'","timestamp":"2026-09-01T00:07:22.565Z"}
{"error":"The server does not support SSL connections","level":"error","message":"PG — erreur requête","query":"ALTER TABLE event_tables ADD COLUMN IF NOT EXISTS min_order INTEGER DEFAULT 0","timestamp":"2026-09-01T00:07:22.568Z"}
{"error":"The server does not support SSL connections","level":"error","message":"PG — erreur requête","query":"ALTER TABLE event_reservations ADD COLUMN IF NOT EXISTS promoter_code VARCHAR(30)","timestamp":"2026-09-01T00:07:22.572Z"}
{"error":"The server does not support SSL connections","level":"error","message":"PG — erreur requête","query":"ALTER TABLE event_reservations ADD COLUMN IF NOT EXISTS checked_in_at TIMESTAMPTZ","timestamp":"2026-09-01T00:07:22.575Z"}
{"error":"The server does not support SSL connections","level":"error","message":"PG — erreur requête","query":"ALTER TABLE event_reservations ADD COLUMN IF NOT EXISTS arrived_size  INTEGER","timestamp":"2026-09-01T00:07:22.578Z"}
{"error":"The server does not support SSL connections","level":"error","message":"PG — erreur requête","query":"ALTER TABLE event_reservations ADD COLUMN IF NOT EXISTS order_pin     VARCHAR(4)","timestamp":"2026-09-01T00:07:22.581Z"}
{"error":"The server does not support SSL connections","level":"error","message":"PG — erreur requête","query":"CREATE TABLE IF NOT EXISTS event_bottles (\n       id          UUID PRIMARY KEY DEFAULT uuid_generate_v4(),\n       event_","timestamp":"2026-09-01T00:07:22.584Z"}
{"error":"The server does not support SSL connections","level":"error","message":"PG — erreur requête","query":"CREATE SEQUENCE IF NOT EXISTS event_order_ref_seq START 1000","timestamp":"2026-09-01T00:07:22.588Z"}
{"error":"The server does not support SSL connections","level":"error","message":"PG — erreur requête","query":"CREATE TABLE IF NOT EXISTS event_orders (\n       id          UUID PRIMARY KEY DEFAULT uuid_generate_v4(),\n       ref    ","timestamp":"2026-09-01T00:07:22.591Z"}
{"error":"The server does not support SSL connections","level":"error","message":"PG — erreur requête","query":"CREATE TABLE IF NOT EXISTS event_staff (\n       id          UUID PRIMARY KEY DEFAULT uuid_generate_v4(),\n       event_id","timestamp":"2026-09-01T00:07:22.595Z"}
{"error":"The server does not support SSL connections","level":"error","message":"PG — erreur requête","query":"CREATE TABLE IF NOT EXISTS event_promoters (\n       id          UUID PRIMARY KEY DEFAULT uuid_generate_v4(),\n       even","timestamp":"2026-09-01T00:07:22.598Z"}
{"error":"The server does not support SSL connections","level":"error","message":"PG — erreur requête","query":"CREATE TABLE IF NOT EXISTS refresh_tokens (\n       id           UUID PRIMARY KEY DEFAULT uuid_generate_v4(),\n       user","timestamp":"2026-09-01T00:07:22.601Z"}
{"error":"The server does not support SSL connections","level":"error","message":"PG — erreur requête","query":"CREATE INDEX IF NOT EXISTS idx_refresh_user   ON refresh_tokens(user_id)","timestamp":"2026-09-01T00:07:22.606Z"}
{"error":"The server does not support SSL connections","level":"error","message":"PG — erreur requête","query":"CREATE INDEX IF NOT EXISTS idx_refresh_family ON refresh_tokens(family_id)","timestamp":"2026-09-01T00:07:22.609Z"}
{"error":"The server does not support SSL connections","level":"error","message":"PG — erreur requête","query":"DELETE FROM refresh_tokens WHERE expires_at < NOW() - interval '7 days'","timestamp":"2026-09-01T00:07:22.613Z"}
{"error":"The server does not support SSL connections","level":"error","message":"PG — erreur requête","query":"CREATE TABLE IF NOT EXISTS event_bottle_categories (\n       id          UUID PRIMARY KEY DEFAULT uuid_generate_v4(),\n   ","timestamp":"2026-09-01T00:07:22.616Z"}
{"error":"The server does not support SSL connections","level":"error","message":"PG — erreur requête","query":"CREATE UNIQUE INDEX IF NOT EXISTS uniq_evt_bottle_cat ON event_bottle_categories(event_id, LOWER(name))","timestamp":"2026-09-01T00:07:22.620Z"}
{"error":"The server does not support SSL connections","level":"error","message":"PG — erreur requête","query":"CREATE INDEX IF NOT EXISTS idx_evt_bottle_cat_evt ON event_bottle_categories(event_id)","timestamp":"2026-09-01T00:07:22.626Z"}
{"error":"The server does not support SSL connections","level":"error","message":"PG — erreur requête","query":"CREATE INDEX IF NOT EXISTS idx_evt_bottles_evt ON event_bottles(event_id)","timestamp":"2026-09-01T00:07:22.629Z"}
{"error":"The server does not support SSL connections","level":"error","message":"PG — erreur requête","query":"CREATE INDEX IF NOT EXISTS idx_evt_orders_evt  ON event_orders(event_id)","timestamp":"2026-09-01T00:07:22.631Z"}
{"error":"The server does not support SSL connections","level":"error","message":"PG — erreur requête","query":"CREATE INDEX IF NOT EXISTS idx_evt_staff_evt   ON event_staff(event_id)","timestamp":"2026-09-01T00:07:22.634Z"}
{"error":"The server does not support SSL connections","level":"error","message":"PG — erreur requête","query":"CREATE INDEX IF NOT EXISTS idx_evt_promoters_evt ON event_promoters(event_id)","timestamp":"2026-09-01T00:07:22.636Z"}
{"error":"The server does not support SSL connections","level":"error","message":"PG — erreur requête","query":"ALTER TABLE event_tables ADD COLUMN IF NOT EXISTS server_id UUID REFERENCES event_staff(id) ON DELETE SET NULL","timestamp":"2026-09-01T00:07:22.638Z"}
{"error":"The server does not support SSL connections","level":"error","message":"PG — erreur requête","query":"CREATE INDEX IF NOT EXISTS idx_evt_tables_server ON event_tables(server_id)","timestamp":"2026-09-01T00:07:22.640Z"}
{"error":"The server does not support SSL connections","level":"error","message":"PG — erreur requête","query":"ALTER TABLE events ADD COLUMN IF NOT EXISTS payment_methods JSONB DEFAULT '[]'","timestamp":"2026-09-01T00:07:22.642Z"}
{"error":"The server does not support SSL connections","level":"error","message":"PG — erreur requête","query":"ALTER TABLE events ADD COLUMN IF NOT EXISTS deposit_percent INTEGER DEFAULT 0","timestamp":"2026-09-01T00:07:22.644Z"}
{"error":"The server does not support SSL connections","level":"error","message":"PG — erreur requête","query":"ALTER TABLE events ADD COLUMN IF NOT EXISTS deposit_message TEXT","timestamp":"2026-09-01T00:07:22.646Z"}
{"error":"The server does not support SSL connections","level":"error","message":"PG — erreur requête","query":"ALTER TABLE event_tables ADD COLUMN IF NOT EXISTS deposit_amount INTEGER DEFAULT 0","timestamp":"2026-09-01T00:07:22.649Z"}
{"error":"The server does not support SSL connections","level":"error","message":"PG — erreur requête","query":"ALTER TABLE event_tables ADD COLUMN IF NOT EXISTS bottles_included BOOLEAN DEFAULT FALSE","timestamp":"2026-09-01T00:07:22.651Z"}
{"error":"The server does not support SSL connections","level":"error","message":"PG — erreur requête","query":"ALTER TABLE event_orders  ADD COLUMN IF NOT EXISTS gross_total NUMERIC(12,2)","timestamp":"2026-09-01T00:07:22.654Z"}
{"error":"The server does not support SSL connections","level":"error","message":"PG — erreur requête","query":"ALTER TABLE event_reservations ADD COLUMN IF NOT EXISTS guest_email   VARCHAR(255)","timestamp":"2026-09-01T00:07:22.656Z"}
{"error":"The server does not support SSL connections","level":"error","message":"PG — erreur requête","query":"ALTER TABLE event_reservations ADD COLUMN IF NOT EXISTS guest_id_number VARCHAR(40)","timestamp":"2026-09-01T00:07:22.662Z"}
{"error":"The server does not support SSL connections","level":"error","message":"PG — erreur requête","query":"ALTER TABLE event_reservations ADD COLUMN IF NOT EXISTS deposit_amount INTEGER","timestamp":"2026-09-01T00:07:22.668Z"}
{"error":"The server does not support SSL connections","level":"error","message":"PG — erreur requête","query":"ALTER TABLE event_reservations ADD COLUMN IF NOT EXISTS deposit_method VARCHAR(30)","timestamp":"2026-09-01T00:07:22.671Z"}
{"error":"The server does not support SSL connections","level":"error","message":"PG — erreur requête","query":"ALTER TABLE event_reservations ADD COLUMN IF NOT EXISTS deposit_ref    VARCHAR(80)","timestamp":"2026-09-01T00:07:22.674Z"}
{"error":"The server does not support SSL connections","level":"error","message":"PG — erreur requête","query":"ALTER TABLE event_reservations ADD COLUMN IF NOT EXISTS deposit_confirmed_at TIMESTAMPTZ","timestamp":"2026-09-01T00:07:22.678Z"}
{"error":"The server does not support SSL connections","level":"error","message":"PG — erreur requête","query":"ALTER TABLE event_reservations ADD COLUMN IF NOT EXISTS is_manual BOOLEAN DEFAULT FALSE","timestamp":"2026-09-01T00:07:22.681Z"}
{"error":"The server does not support SSL connections","level":"error","message":"PG — erreur requête","query":"ALTER TABLE event_reservations ALTER COLUMN client_id DROP NOT NULL","timestamp":"2026-09-01T00:07:22.684Z"}
{"error":"The server does not support SSL connections","level":"error","message":"PG — erreur requête","query":"ALTER TABLE restaurants  ADD COLUMN IF NOT EXISTS deleted_at  TIMESTAMPTZ","timestamp":"2026-09-01T00:07:22.687Z"}
{"error":"The server does not support SSL connections","level":"error","message":"PG — erreur requête","query":"ALTER TABLE reservations ADD COLUMN IF NOT EXISTS archived_at TIMESTAMPTZ","timestamp":"2026-09-01T00:07:22.690Z"}
{"error":"The server does not support SSL connections","level":"error","message":"PG — erreur requête","query":"CREATE INDEX IF NOT EXISTS idx_restaurants_deleted ON restaurants(deleted_at)","timestamp":"2026-09-01T00:07:22.693Z"}
{"error":"The server does not support SSL connections","level":"error","message":"PG — erreur requête","query":"CREATE INDEX IF NOT EXISTS idx_reservations_archived ON reservations(archived_at)","timestamp":"2026-09-01T00:07:22.697Z"}
{"error":"The server does not support SSL connections","level":"error","message":"PG — erreur requête","query":"UPDATE restaurateur_codes SET is_used = FALSE, used_by = NULL, used_at = NULL\n       WHERE used_by IN (SELECT id FROM us","timestamp":"2026-09-01T00:07:22.700Z"}
{"error":"The server does not support SSL connections","level":"error","message":"PG — erreur requête","query":"UPDATE organisateur_codes SET is_used = FALSE, used_by = NULL, used_at = NULL\n       WHERE used_by IN (SELECT id FROM us","timestamp":"2026-09-01T00:07:22.703Z"}
{"error":"The server does not support SSL connections","level":"error","message":"PG — erreur requête","query":"UPDATE restaurants SET status = 'suspendu', deleted_at = COALESCE(deleted_at, NOW()), updated_at = NOW()\n       WHERE de","timestamp":"2026-09-01T00:07:22.705Z"}
{"error":"The server does not support SSL connections","level":"error","message":"PG — erreur requête","query":"UPDATE reservations SET archived_at = COALESCE(archived_at, NOW()), updated_at = NOW()\n       WHERE archived_at IS NULL ","timestamp":"2026-09-01T00:07:22.709Z"}
{"error":"The server does not support SSL connections","level":"error","message":"PG — erreur requête","query":"UPDATE events SET status = 'annule', updated_at = NOW()\n       WHERE status <> 'annule' AND owner_id IN (SELECT id FROM ","timestamp":"2026-09-01T00:07:22.716Z"}
{"error":"The server does not support SSL connections","level":"error","message":"PG — erreur requête","query":"UPDATE restaurants SET slug = 'deleted-' || id, updated_at = NOW()\n       WHERE deleted_at IS NOT NULL AND slug NOT LIKE","timestamp":"2026-09-01T00:07:22.720Z"}
{"error":"The server does not support SSL connections","level":"error","message":"PG — erreur requête","query":"CREATE INDEX IF NOT EXISTS idx_restaurants_status      ON restaurants(status)","timestamp":"2026-09-01T00:07:22.724Z"}
{"error":"The server does not support SSL connections","level":"error","message":"PG — erreur requête","query":"CREATE INDEX IF NOT EXISTS idx_restaurants_rating      ON restaurants(rating DESC)","timestamp":"2026-09-01T00:07:22.727Z"}
{"error":"The server does not support SSL connections","level":"error","message":"PG — erreur requête","query":"CREATE INDEX IF NOT EXISTS idx_restaurants_cuisine     ON restaurants(cuisine_type)","timestamp":"2026-09-01T00:07:22.732Z"}
{"error":"The server does not support SSL connections","level":"error","message":"PG — erreur requête","query":"CREATE INDEX IF NOT EXISTS idx_restaurants_ville       ON restaurants(ville)","timestamp":"2026-09-01T00:07:22.736Z"}
{"error":"The server does not support SSL connections","level":"error","message":"PG — erreur requête","query":"CREATE INDEX IF NOT EXISTS idx_restaurants_slug        ON restaurants(slug)","timestamp":"2026-09-01T00:07:22.740Z"}
{"error":"The server does not support SSL connections","level":"error","message":"PG — erreur requête","query":"CREATE INDEX IF NOT EXISTS idx_reservations_restaurant ON reservations(restaurant_id)","timestamp":"2026-09-01T00:07:22.744Z"}
{"error":"The server does not support SSL connections","level":"error","message":"PG — erreur requête","query":"CREATE INDEX IF NOT EXISTS idx_reservations_client     ON reservations(client_id)","timestamp":"2026-09-01T00:07:22.747Z"}
{"error":"The server does not support SSL connections","level":"error","message":"PG — erreur requête","query":"CREATE INDEX IF NOT EXISTS idx_reservations_date       ON reservations(reserved_at)","timestamp":"2026-09-01T00:07:22.751Z"}
{"error":"The server does not support SSL connections","level":"error","message":"PG — erreur requête","query":"CREATE INDEX IF NOT EXISTS idx_reservations_status     ON reservations(status)","timestamp":"2026-09-01T00:07:22.755Z"}
{"error":"The server does not support SSL connections","level":"error","message":"PG — erreur requête","query":"CREATE INDEX IF NOT EXISTS idx_reservations_resto_date ON reservations(restaurant_id, reserved_at)","timestamp":"2026-09-01T00:07:22.758Z"}
{"error":"The server does not support SSL connections","level":"error","message":"PG — erreur requête","query":"CREATE INDEX IF NOT EXISTS idx_users_email     ON users(email)","timestamp":"2026-09-01T00:07:22.763Z"}
{"error":"The server does not support SSL connections","level":"error","message":"PG — erreur requête","query":"CREATE INDEX IF NOT EXISTS idx_users_phone     ON users(phone) WHERE phone IS NOT NULL","timestamp":"2026-09-01T00:07:22.767Z"}
{"error":"The server does not support SSL connections","level":"error","message":"PG — erreur requête","query":"CREATE INDEX IF NOT EXISTS idx_users_role      ON users(role)","timestamp":"2026-09-01T00:07:22.771Z"}
{"error":"The server does not support SSL connections","level":"error","message":"PG — erreur requête","query":"CREATE INDEX IF NOT EXISTS idx_tables_restaurant ON restaurant_tables(restaurant_id)","timestamp":"2026-09-01T00:07:22.776Z"}
{"error":"The server does not support SSL connections","level":"error","message":"PG — erreur requête","query":"CREATE INDEX IF NOT EXISTS idx_menu_items_restaurant ON menu_items(restaurant_id)","timestamp":"2026-09-01T00:07:22.781Z"}
{"error":"The server does not support SSL connections","level":"error","message":"PG — erreur requête","query":"CREATE INDEX IF NOT EXISTS idx_codes_used ON restaurateur_codes(is_used)","timestamp":"2026-09-01T00:07:22.784Z"}
{"error":"The server does not support SSL connections","level":"error","message":"PG — erreur requête","query":"CREATE INDEX IF NOT EXISTS idx_restaurants_owner  ON restaurants(owner_id)","timestamp":"2026-09-01T00:07:22.787Z"}
{"error":"The server does not support SSL connections","level":"error","message":"PG — erreur requête","query":"CREATE INDEX IF NOT EXISTS idx_reservations_table ON reservations(table_id) WHERE table_id IS NOT NULL","timestamp":"2026-09-01T00:07:22.789Z"}
{"error":"The server does not support SSL connections","level":"error","message":"PG — erreur requête","query":"CREATE INDEX IF NOT EXISTS idx_qr_orders_resto_date ON qr_orders(restaurant_id, created_at)","timestamp":"2026-09-01T00:07:22.791Z"}
{"error":"The server does not support SSL connections","level":"error","message":"PG — erreur requête","query":"CREATE INDEX IF NOT EXISTS idx_evt_resa_table ON event_reservations(table_id) WHERE table_id IS NOT NULL","timestamp":"2026-09-01T00:07:22.794Z"}
{"error":"The server does not support SSL connections","level":"error","message":"PG — erreur requête","query":"CREATE INDEX IF NOT EXISTS idx_evt_resa_evt_status  ON event_reservations(event_id, status)","timestamp":"2026-09-01T00:07:22.796Z"}
{"error":"The server does not support SSL connections","level":"error","message":"PG — erreur requête","query":"CREATE INDEX IF NOT EXISTS idx_evt_resa_checkin     ON event_reservations(event_id, checked_in_at)","timestamp":"2026-09-01T00:07:22.799Z"}
{"error":"The server does not support SSL connections","level":"error","message":"PG — erreur requête","query":"CREATE INDEX IF NOT EXISTS idx_evt_orders_evt_status ON event_orders(event_id, status)","timestamp":"2026-09-01T00:07:22.802Z"}
{"error":"The server does not support SSL connections","level":"error","message":"PG — erreur requête","query":"UPDATE event_reservations r SET order_pin = NULL\n       WHERE order_pin IS NOT NULL AND EXISTS (\n         SELECT 1 FROM ","timestamp":"2026-09-01T00:07:22.804Z"}
{"error":"The server does not support SSL connections","level":"error","message":"PG — erreur requête","query":"CREATE UNIQUE INDEX IF NOT EXISTS uniq_evt_resa_order_pin ON event_reservations(event_id, order_pin) WHERE order_pin IS ","timestamp":"2026-09-01T00:07:22.807Z"}
{"error":"The server does not support SSL connections","level":"error","message":"PG — erreur requête","query":"CREATE UNIQUE INDEX IF NOT EXISTS uidx_payments_provider_ref ON payments(provider_ref) WHERE provider_ref IS NOT NULL","timestamp":"2026-09-01T00:07:22.810Z"}
{"error":"The server does not support SSL connections","level":"error","message":"PG — erreur requête","query":"CREATE INDEX IF NOT EXISTS idx_payments_reservation ON payments(reservation_id)","timestamp":"2026-09-01T00:07:22.812Z"}
{"error":"The server does not support SSL connections","level":"error","message":"PG — erreur requête","query":"UPDATE restaurants SET status = 'actif', updated_at = NOW()\n       WHERE owner_id IN (SELECT id FROM users WHERE email =","timestamp":"2026-09-01T00:07:22.818Z"}
{"error":"The server does not support SSL connections","level":"error","message":"PG — erreur requête","query":"SELECT id, public_id FROM stories WHERE expires_at <= NOW() LIMIT 200","timestamp":"2026-09-01T00:07:22.821Z"}
{"error":"The server does not support SSL connections","level":"error","message":"PG — erreur requête","query":"SELECT key, value FROM platform_settings","timestamp":"2026-09-01T00:07:29.541Z"}
